// Jest Snapshot v1, https://goo.gl/fbAQLP

exports[`<ForgotPassword /> renders and matches snapshot 1`] = `
<form
  aria-busy={false}
  className="Form-sc-1xszr8q-0 leWalr"
  data-test="form"
  disabled={false}
  method="post"
  onSubmit={[Function]}
>
  <h2>
    Forgot Password
  </h2>
  <DisplayError
    error={Object {}}
  />
  <fieldset>
    <label
      htmlFor="email"
    >
      Email
      <input
        name="email"
        onChange={[Function]}
        placeholder="Email"
        required={true}
        type="email"
        value=""
      />
    </label>
  </fieldset>
  <button
    type="submit"
  >
    Request Reset
  </button>
</form>
`;
